// Jest Snapshot v1, https://goo.gl/fbAQLP

exports[`Given a Button component When it's rendered' Then it should always match this snapshot 1`] = `
<button
  className="sc-bdvvtL dZIbqa"
/>
`;
